Example app listening on port 3001
